  Geri y├╝klenecek projeler belirleniyor...
  C:\Users\UMUT\Desktop\Disaster_Logistic_Panel\DisasterLogistics.csproj geri y├╝klendi (181 ms i├ğinde).
C:\Program Files\dotnet\sdk\9.0.200\Microsoft.Common.CurrentVersion.targets(5363,5): warning MSB3026: "C:\Users\UMUT\Desktop\Disaster_Logistic_Panel\obj\Debug\net8.0\apphost.exe", "bin\Debug\net8.0\DisasterLogistics.exe" ├╝zerine kopyalanamad─▒. 1 numaral─▒ yeniden denemeye 1000 ms i├ğinde ba┼şlanacak. The process cannot access the file 'C:\Users\UMUT\Desktop\Disaster_Logistic_Panel\bin\Debug\net8.0\DisasterLogistics.exe' because it is being used by another process. Dosya ┼şunun taraf─▒ndan kilitlendi: "DisasterLogistics (17312)" [C:\Users\UMUT\Desktop\Disaster_Logistic_Panel\DisasterLogistics.csproj]
C:\Program Files\dotnet\sdk\9.0.200\Microsoft.Common.CurrentVersion.targets(5363,5): warning MSB3026: "C:\Users\UMUT\Desktop\Disaster_Logistic_Panel\obj\Debug\net8.0\apphost.exe", "bin\Debug\net8.0\DisasterLogistics.exe" ├╝zerine kopyalanamad─▒. 2 numaral─▒ yeniden denemeye 1000 ms i├ğinde ba┼şlanacak. The process cannot access the file 'C:\Users\UMUT\Desktop\Disaster_Logistic_Panel\bin\Debug\net8.0\DisasterLogistics.exe' because it is being used by another process. Dosya ┼şunun taraf─▒ndan kilitlendi: "DisasterLogistics (17312)" [C:\Users\UMUT\Desktop\Disaster_Logistic_Panel\DisasterLogistics.csproj]
C:\Program Files\dotnet\sdk\9.0.200\Microsoft.Common.CurrentVersion.targets(5363,5): warning MSB3026: "C:\Users\UMUT\Desktop\Disaster_Logistic_Panel\obj\Debug\net8.0\apphost.exe", "bin\Debug\net8.0\DisasterLogistics.exe" ├╝zerine kopyalanamad─▒. 3 numaral─▒ yeniden denemeye 1000 ms i├ğinde ba┼şlanacak. The process cannot access the file 'C:\Users\UMUT\Desktop\Disaster_Logistic_Panel\bin\Debug\net8.0\DisasterLogistics.exe' because it is being used by another process. Dosya ┼şunun taraf─▒ndan kilitlendi: "DisasterLogistics (17312)" [C:\Users\UMUT\Desktop\Disaster_Logistic_Panel\DisasterLogistics.csproj]
C:\Program Files\dotnet\sdk\9.0.200\Microsoft.Common.CurrentVersion.targets(5363,5): warning MSB3026: "C:\Users\UMUT\Desktop\Disaster_Logistic_Panel\obj\Debug\net8.0\apphost.exe", "bin\Debug\net8.0\DisasterLogistics.exe" ├╝zerine kopyalanamad─▒. 4 numaral─▒ yeniden denemeye 1000 ms i├ğinde ba┼şlanacak. The process cannot access the file 'C:\Users\UMUT\Desktop\Disaster_Logistic_Panel\bin\Debug\net8.0\DisasterLogistics.exe' because it is being used by another process. Dosya ┼şunun taraf─▒ndan kilitlendi: "DisasterLogistics (17312)" [C:\Users\UMUT\Desktop\Disaster_Logistic_Panel\DisasterLogistics.csproj]
C:\Program Files\dotnet\sdk\9.0.200\Microsoft.Common.CurrentVersion.targets(5363,5): warning MSB3026: "C:\Users\UMUT\Desktop\Disaster_Logistic_Panel\obj\Debug\net8.0\apphost.exe", "bin\Debug\net8.0\DisasterLogistics.exe" ├╝zerine kopyalanamad─▒. 5 numaral─▒ yeniden denemeye 1000 ms i├ğinde ba┼şlanacak. The process cannot access the file 'C:\Users\UMUT\Desktop\Disaster_Logistic_Panel\bin\Debug\net8.0\DisasterLogistics.exe' because it is being used by another process. Dosya ┼şunun taraf─▒ndan kilitlendi: "DisasterLogistics (17312)" [C:\Users\UMUT\Desktop\Disaster_Logistic_Panel\DisasterLogistics.csproj]
C:\Program Files\dotnet\sdk\9.0.200\Microsoft.Common.CurrentVersion.targets(5363,5): warning MSB3026: "C:\Users\UMUT\Desktop\Disaster_Logistic_Panel\obj\Debug\net8.0\apphost.exe", "bin\Debug\net8.0\DisasterLogistics.exe" ├╝zerine kopyalanamad─▒. 6 numaral─▒ yeniden denemeye 1000 ms i├ğinde ba┼şlanacak. The process cannot access the file 'C:\Users\UMUT\Desktop\Disaster_Logistic_Panel\bin\Debug\net8.0\DisasterLogistics.exe' because it is being used by another process. Dosya ┼şunun taraf─▒ndan kilitlendi: "DisasterLogistics (17312)" [C:\Users\UMUT\Desktop\Disaster_Logistic_Panel\DisasterLogistics.csproj]
C:\Program Files\dotnet\sdk\9.0.200\Microsoft.Common.CurrentVersion.targets(5363,5): warning MSB3026: "C:\Users\UMUT\Desktop\Disaster_Logistic_Panel\obj\Debug\net8.0\apphost.exe", "bin\Debug\net8.0\DisasterLogistics.exe" ├╝zerine kopyalanamad─▒. 7 numaral─▒ yeniden denemeye 1000 ms i├ğinde ba┼şlanacak. The process cannot access the file 'C:\Users\UMUT\Desktop\Disaster_Logistic_Panel\bin\Debug\net8.0\DisasterLogistics.exe' because it is being used by another process. Dosya ┼şunun taraf─▒ndan kilitlendi: "DisasterLogistics (17312)" [C:\Users\UMUT\Desktop\Disaster_Logistic_Panel\DisasterLogistics.csproj]
C:\Program Files\dotnet\sdk\9.0.200\Microsoft.Common.CurrentVersion.targets(5363,5): warning MSB3026: "C:\Users\UMUT\Desktop\Disaster_Logistic_Panel\obj\Debug\net8.0\apphost.exe", "bin\Debug\net8.0\DisasterLogistics.exe" ├╝zerine kopyalanamad─▒. 8 numaral─▒ yeniden denemeye 1000 ms i├ğinde ba┼şlanacak. The process cannot access the file 'C:\Users\UMUT\Desktop\Disaster_Logistic_Panel\bin\Debug\net8.0\DisasterLogistics.exe' because it is being used by another process. Dosya ┼şunun taraf─▒ndan kilitlendi: "DisasterLogistics (17312)" [C:\Users\UMUT\Desktop\Disaster_Logistic_Panel\DisasterLogistics.csproj]
C:\Program Files\dotnet\sdk\9.0.200\Microsoft.Common.CurrentVersion.targets(5363,5): warning MSB3026: "C:\Users\UMUT\Desktop\Disaster_Logistic_Panel\obj\Debug\net8.0\apphost.exe", "bin\Debug\net8.0\DisasterLogistics.exe" ├╝zerine kopyalanamad─▒. 9 numaral─▒ yeniden denemeye 1000 ms i├ğinde ba┼şlanacak. The process cannot access the file 'C:\Users\UMUT\Desktop\Disaster_Logistic_Panel\bin\Debug\net8.0\DisasterLogistics.exe' because it is being used by another process. Dosya ┼şunun taraf─▒ndan kilitlendi: "DisasterLogistics (17312)" [C:\Users\UMUT\Desktop\Disaster_Logistic_Panel\DisasterLogistics.csproj]
C:\Program Files\dotnet\sdk\9.0.200\Microsoft.Common.CurrentVersion.targets(5363,5): warning MSB3026: "C:\Users\UMUT\Desktop\Disaster_Logistic_Panel\obj\Debug\net8.0\apphost.exe", "bin\Debug\net8.0\DisasterLogistics.exe" ├╝zerine kopyalanamad─▒. 10 numaral─▒ yeniden denemeye 1000 ms i├ğinde ba┼şlanacak. The process cannot access the file 'C:\Users\UMUT\Desktop\Disaster_Logistic_Panel\bin\Debug\net8.0\DisasterLogistics.exe' because it is being used by another process. Dosya ┼şunun taraf─▒ndan kilitlendi: "DisasterLogistics (17312)" [C:\Users\UMUT\Desktop\Disaster_Logistic_Panel\DisasterLogistics.csproj]
C:\Program Files\dotnet\sdk\9.0.200\Microsoft.Common.CurrentVersion.targets(5363,5): error MSB3027: "C:\Users\UMUT\Desktop\Disaster_Logistic_Panel\obj\Debug\net8.0\apphost.exe", "bin\Debug\net8.0\DisasterLogistics.exe" ├╝zerine kopyalanamad─▒. 10 yeniden deneme say─▒s─▒ a┼ş─▒ld─▒. Ba┼şar─▒s─▒z oldu. Dosya ┼şunun taraf─▒ndan kilitlendi: "DisasterLogistics (17312)" [C:\Users\UMUT\Desktop\Disaster_Logistic_Panel\DisasterLogistics.csproj]
C:\Program Files\dotnet\sdk\9.0.200\Microsoft.Common.CurrentVersion.targets(5363,5): error MSB3021: "C:\Users\UMUT\Desktop\Disaster_Logistic_Panel\obj\Debug\net8.0\apphost.exe" dosyas─▒ "bin\Debug\net8.0\DisasterLogistics.exe" ├╝zerine kopyalanam─▒yor. The process cannot access the file 'C:\Users\UMUT\Desktop\Disaster_Logistic_Panel\bin\Debug\net8.0\DisasterLogistics.exe' because it is being used by another process. [C:\Users\UMUT\Desktop\Disaster_Logistic_Panel\DisasterLogistics.csproj]

Olu┼şturma BA┼ŞARISIZ OLDU.

C:\Program Files\dotnet\sdk\9.0.200\Microsoft.Common.CurrentVersion.targets(5363,5): warning MSB3026: "C:\Users\UMUT\Desktop\Disaster_Logistic_Panel\obj\Debug\net8.0\apphost.exe", "bin\Debug\net8.0\DisasterLogistics.exe" ├╝zerine kopyalanamad─▒. 1 numaral─▒ yeniden denemeye 1000 ms i├ğinde ba┼şlanacak. The process cannot access the file 'C:\Users\UMUT\Desktop\Disaster_Logistic_Panel\bin\Debug\net8.0\DisasterLogistics.exe' because it is being used by another process. Dosya ┼şunun taraf─▒ndan kilitlendi: "DisasterLogistics (17312)" [C:\Users\UMUT\Desktop\Disaster_Logistic_Panel\DisasterLogistics.csproj]
C:\Program Files\dotnet\sdk\9.0.200\Microsoft.Common.CurrentVersion.targets(5363,5): warning MSB3026: "C:\Users\UMUT\Desktop\Disaster_Logistic_Panel\obj\Debug\net8.0\apphost.exe", "bin\Debug\net8.0\DisasterLogistics.exe" ├╝zerine kopyalanamad─▒. 2 numaral─▒ yeniden denemeye 1000 ms i├ğinde ba┼şlanacak. The process cannot access the file 'C:\Users\UMUT\Desktop\Disaster_Logistic_Panel\bin\Debug\net8.0\DisasterLogistics.exe' because it is being used by another process. Dosya ┼şunun taraf─▒ndan kilitlendi: "DisasterLogistics (17312)" [C:\Users\UMUT\Desktop\Disaster_Logistic_Panel\DisasterLogistics.csproj]
C:\Program Files\dotnet\sdk\9.0.200\Microsoft.Common.CurrentVersion.targets(5363,5): warning MSB3026: "C:\Users\UMUT\Desktop\Disaster_Logistic_Panel\obj\Debug\net8.0\apphost.exe", "bin\Debug\net8.0\DisasterLogistics.exe" ├╝zerine kopyalanamad─▒. 3 numaral─▒ yeniden denemeye 1000 ms i├ğinde ba┼şlanacak. The process cannot access the file 'C:\Users\UMUT\Desktop\Disaster_Logistic_Panel\bin\Debug\net8.0\DisasterLogistics.exe' because it is being used by another process. Dosya ┼şunun taraf─▒ndan kilitlendi: "DisasterLogistics (17312)" [C:\Users\UMUT\Desktop\Disaster_Logistic_Panel\DisasterLogistics.csproj]
C:\Program Files\dotnet\sdk\9.0.200\Microsoft.Common.CurrentVersion.targets(5363,5): warning MSB3026: "C:\Users\UMUT\Desktop\Disaster_Logistic_Panel\obj\Debug\net8.0\apphost.exe", "bin\Debug\net8.0\DisasterLogistics.exe" ├╝zerine kopyalanamad─▒. 4 numaral─▒ yeniden denemeye 1000 ms i├ğinde ba┼şlanacak. The process cannot access the file 'C:\Users\UMUT\Desktop\Disaster_Logistic_Panel\bin\Debug\net8.0\DisasterLogistics.exe' because it is being used by another process. Dosya ┼şunun taraf─▒ndan kilitlendi: "DisasterLogistics (17312)" [C:\Users\UMUT\Desktop\Disaster_Logistic_Panel\DisasterLogistics.csproj]
C:\Program Files\dotnet\sdk\9.0.200\Microsoft.Common.CurrentVersion.targets(5363,5): warning MSB3026: "C:\Users\UMUT\Desktop\Disaster_Logistic_Panel\obj\Debug\net8.0\apphost.exe", "bin\Debug\net8.0\DisasterLogistics.exe" ├╝zerine kopyalanamad─▒. 5 numaral─▒ yeniden denemeye 1000 ms i├ğinde ba┼şlanacak. The process cannot access the file 'C:\Users\UMUT\Desktop\Disaster_Logistic_Panel\bin\Debug\net8.0\DisasterLogistics.exe' because it is being used by another process. Dosya ┼şunun taraf─▒ndan kilitlendi: "DisasterLogistics (17312)" [C:\Users\UMUT\Desktop\Disaster_Logistic_Panel\DisasterLogistics.csproj]
C:\Program Files\dotnet\sdk\9.0.200\Microsoft.Common.CurrentVersion.targets(5363,5): warning MSB3026: "C:\Users\UMUT\Desktop\Disaster_Logistic_Panel\obj\Debug\net8.0\apphost.exe", "bin\Debug\net8.0\DisasterLogistics.exe" ├╝zerine kopyalanamad─▒. 6 numaral─▒ yeniden denemeye 1000 ms i├ğinde ba┼şlanacak. The process cannot access the file 'C:\Users\UMUT\Desktop\Disaster_Logistic_Panel\bin\Debug\net8.0\DisasterLogistics.exe' because it is being used by another process. Dosya ┼şunun taraf─▒ndan kilitlendi: "DisasterLogistics (17312)" [C:\Users\UMUT\Desktop\Disaster_Logistic_Panel\DisasterLogistics.csproj]
C:\Program Files\dotnet\sdk\9.0.200\Microsoft.Common.CurrentVersion.targets(5363,5): warning MSB3026: "C:\Users\UMUT\Desktop\Disaster_Logistic_Panel\obj\Debug\net8.0\apphost.exe", "bin\Debug\net8.0\DisasterLogistics.exe" ├╝zerine kopyalanamad─▒. 7 numaral─▒ yeniden denemeye 1000 ms i├ğinde ba┼şlanacak. The process cannot access the file 'C:\Users\UMUT\Desktop\Disaster_Logistic_Panel\bin\Debug\net8.0\DisasterLogistics.exe' because it is being used by another process. Dosya ┼şunun taraf─▒ndan kilitlendi: "DisasterLogistics (17312)" [C:\Users\UMUT\Desktop\Disaster_Logistic_Panel\DisasterLogistics.csproj]
C:\Program Files\dotnet\sdk\9.0.200\Microsoft.Common.CurrentVersion.targets(5363,5): warning MSB3026: "C:\Users\UMUT\Desktop\Disaster_Logistic_Panel\obj\Debug\net8.0\apphost.exe", "bin\Debug\net8.0\DisasterLogistics.exe" ├╝zerine kopyalanamad─▒. 8 numaral─▒ yeniden denemeye 1000 ms i├ğinde ba┼şlanacak. The process cannot access the file 'C:\Users\UMUT\Desktop\Disaster_Logistic_Panel\bin\Debug\net8.0\DisasterLogistics.exe' because it is being used by another process. Dosya ┼şunun taraf─▒ndan kilitlendi: "DisasterLogistics (17312)" [C:\Users\UMUT\Desktop\Disaster_Logistic_Panel\DisasterLogistics.csproj]
C:\Program Files\dotnet\sdk\9.0.200\Microsoft.Common.CurrentVersion.targets(5363,5): warning MSB3026: "C:\Users\UMUT\Desktop\Disaster_Logistic_Panel\obj\Debug\net8.0\apphost.exe", "bin\Debug\net8.0\DisasterLogistics.exe" ├╝zerine kopyalanamad─▒. 9 numaral─▒ yeniden denemeye 1000 ms i├ğinde ba┼şlanacak. The process cannot access the file 'C:\Users\UMUT\Desktop\Disaster_Logistic_Panel\bin\Debug\net8.0\DisasterLogistics.exe' because it is being used by another process. Dosya ┼şunun taraf─▒ndan kilitlendi: "DisasterLogistics (17312)" [C:\Users\UMUT\Desktop\Disaster_Logistic_Panel\DisasterLogistics.csproj]
C:\Program Files\dotnet\sdk\9.0.200\Microsoft.Common.CurrentVersion.targets(5363,5): warning MSB3026: "C:\Users\UMUT\Desktop\Disaster_Logistic_Panel\obj\Debug\net8.0\apphost.exe", "bin\Debug\net8.0\DisasterLogistics.exe" ├╝zerine kopyalanamad─▒. 10 numaral─▒ yeniden denemeye 1000 ms i├ğinde ba┼şlanacak. The process cannot access the file 'C:\Users\UMUT\Desktop\Disaster_Logistic_Panel\bin\Debug\net8.0\DisasterLogistics.exe' because it is being used by another process. Dosya ┼şunun taraf─▒ndan kilitlendi: "DisasterLogistics (17312)" [C:\Users\UMUT\Desktop\Disaster_Logistic_Panel\DisasterLogistics.csproj]
C:\Program Files\dotnet\sdk\9.0.200\Microsoft.Common.CurrentVersion.targets(5363,5): error MSB3027: "C:\Users\UMUT\Desktop\Disaster_Logistic_Panel\obj\Debug\net8.0\apphost.exe", "bin\Debug\net8.0\DisasterLogistics.exe" ├╝zerine kopyalanamad─▒. 10 yeniden deneme say─▒s─▒ a┼ş─▒ld─▒. Ba┼şar─▒s─▒z oldu. Dosya ┼şunun taraf─▒ndan kilitlendi: "DisasterLogistics (17312)" [C:\Users\UMUT\Desktop\Disaster_Logistic_Panel\DisasterLogistics.csproj]
C:\Program Files\dotnet\sdk\9.0.200\Microsoft.Common.CurrentVersion.targets(5363,5): error MSB3021: "C:\Users\UMUT\Desktop\Disaster_Logistic_Panel\obj\Debug\net8.0\apphost.exe" dosyas─▒ "bin\Debug\net8.0\DisasterLogistics.exe" ├╝zerine kopyalanam─▒yor. The process cannot access the file 'C:\Users\UMUT\Desktop\Disaster_Logistic_Panel\bin\Debug\net8.0\DisasterLogistics.exe' because it is being used by another process. [C:\Users\UMUT\Desktop\Disaster_Logistic_Panel\DisasterLogistics.csproj]
    10 Uyar─▒
    2 Hata

Ge├ğen S├╝re 00:00:12.72

─░┼ş y├╝k├╝ g├╝ncelle┼ştirmeleri var. Daha fazla bilgi i├ğin `dotnet workload list` ├ğal─▒┼şt─▒r─▒n.
